[    0.000000] Linux version 4.15.0-193-generic (buildd@lcy02-amd64-022) (gcc version 7.5.0 (Ubuntu 7.5.0-3ubuntu1~18.04)) #204-Ubuntu SMP Fri Aug 26 19:20:21 UTC 2022 (Ubuntu 4.15.0-193.204-generic 4.15.18)
[    0.000000] Command line: BOOT_IMAGE=/boot/vmlinuz-4.15.0-193-generic root=UUID=023057b2-83bd-4879-8f6b-7441b51b61ca ro console=tty1 console=ttyS0
[    0.000000] KERNEL supported cpus:
[    0.000000]   Intel GenuineIntel
[    0.000000]   AMD AuthenticAMD
[    0.000000]   Centaur CentaurHauls
[    0.000000] x86/fpu: x87 FPU will use FXSAVE
[    0.000000] e820: BIOS-provided physical RAM map:
[    0.000000] BIOS-e820: [mem 0x0000000000000000-0x000000000009fbff] usable
[    0.000000] BIOS-e820: [mem 0x000000000009fc00-0x000000000009ffff] reserved
[    0.000000] BIOS-e820: [mem 0x00000000000f0000-0x00000000000fffff] reserved
[    0.000000] BIOS-e820: [mem 0x0000000000100000-0x000000003ffeffff] usable
[    0.000000] BIOS-e820: [mem 0x000000003fff0000-0x000000003fffffff] ACPI data
[    0.000000] BIOS-e820: [mem 0x00000000fec00000-0x00000000fec00fff] reserved
[    0.000000] BIOS-e820: [mem 0x00000000fee00000-0x00000000fee00fff] reserved
[    0.000000] BIOS-e820: [mem 0x00000000fffc0000-0x00000000ffffffff] reserved
[    0.000000] NX (Execute Disable) protection: active
[    0.000000] SMBIOS 2.5 present.
[    0.000000] DMI: innotek GmbH VirtualBox/VirtualBox, BIOS VirtualBox 12/01/2006
[    0.000000] Hypervisor detected: KVM
[    0.000000] e820: last_pfn = 0x3fff0 max_arch_pfn = 0x400000000
[    0.000000] MTRR: Disabled
[    0.000000] x86/PAT: MTRRs disabled, skipping PAT initialization too.
[    0.000000] CPU MTRRs all blank - virtualized system.
[    0.000000] x86/PAT: Configuration [0-7]: WB  WT  UC- UC  WB  WT  UC- UC  
[    0.000000] found SMP MP-table at [mem 0x0009fff0-0x0009ffff]
[    0.000000] Scanning 1 areas for low memory corruption
[    0.000000] RAMDISK: [mem 0x3581d000-0x36c05fff]
[    0.000000] ACPI: Early table checksum verification disabled
[    0.000000] ACPI: RSDP 0x00000000000E0000 000024 (v02 VBOX  )
[    0.000000] ACPI: XSDT 0x000000003FFF0030 00003C (v01 VBOX   VBOXXSDT 00000001 ASL  00000061)
[    0.000000] ACPI: FACP 0x000000003FFF00F0 0000F4 (v04 VBOX   VBOXFACP 00000001 ASL  00000061)
[    0.000000] ACPI: DSDT 0x000000003FFF0470 002325 (v02 VBOX   VBOXBIOS 00000002 INTL 20100528)
[    0.000000] ACPI: FACS 0x000000003FFF0200 000040
[    0.000000] ACPI: FACS 0x000000003FFF0200 000040
[    0.000000] ACPI: APIC 0x000000003FFF0240 00005C (v02 VBOX   VBOXAPIC 00000001 ASL  00000061)
[    0.000000] ACPI: SSDT 0x000000003FFF02A0 0001CC (v01 VBOX   VBOXCPUT 00000002 INTL 20100528)
[    0.000000] ACPI: Reserving FACP table memory at [mem 0x3fff00f0-0x3fff01e3]
[    0.000000] ACPI: Reserving DSDT table memory at [mem 0x3fff0470-0x3fff2794]
[    0.000000] ACPI: Reserving FACS table memory at [mem 0x3fff0200-0x3fff023f]
[    0.000000] ACPI: Reserving FACS table memory at [mem 0x3fff0200-0x3fff023f]
[    0.000000] ACPI: Reserving APIC table memory at [mem 0x3fff0240-0x3fff029b]
[    0.000000] ACPI: Reserving SSDT table memory at [mem 0x3fff02a0-0x3fff046b]
[    0.000000] No NUMA configuration found
[    0.000000] Faking a node at [mem 0x0000000000000000-0x000000003ffeffff]
[    0.000000] NODE_DATA(0) allocated [mem 0x3ffc5000-0x3ffeffff]
[    0.000000] kvm-clock: cpu 0, msr 0:3ff44001, primary cpu clock
[    0.000000] kvm-clock: Using msrs 4b564d01 and 4b564d00
[    0.000000] kvm-clock: using sched offset of 4355706480 cycles
[    0.000000] clocksource: kvm-clock: mask: 0xffffffffffffffff max_cycles: 0x1cd42e4dffb, max_idle_ns: 881590591483 ns
[    0.000000] Zone ranges:
[    0.000000]   DMA      [mem 0x0000000000001000-0x0000000000ffffff]
[    0.000000]   DMA32    [mem 0x0000000001000000-0x000000003ffeffff]
[    0.000000]   Normal   empty
[    0.000000]   Device   empty
[    0.000000] Movable zone start for each node
[    0.000000] Early memory node ranges
[    0.000000]   node   0: [mem 0x0000000000001000-0x000000000009efff]
[    0.000000]   node   0: [mem 0x0000000000100000-0x000000003ffeffff]
[    0.000000] Reserved but unavailable: 104 pages
[    0.000000] Initmem setup node 0 [mem 0x0000000000001000-0x000000003ffeffff]
[    0.000000] ACPI: PM-Timer IO Port: 0x4008
[    0.000000] IOAPIC[0]: apic_id 2, version 32, address 0xfec00000, GSI 0-23
[    0.000000] ACPI: INT_SRC_OVR (bus 0 bus_irq 0 global_irq 2 dfl dfl)
[    0.000000] ACPI: INT_SRC_OVR (bus 0 bus_irq 9 global_irq 9 low level)
[    0.000000] Using ACPI (MADT) for SMP configuration information
[    0.000000] smpboot: Allowing 2 CPUs, 0 hotplug CPUs
[    0.000000] PM: Registered nosave memory: [mem 0x00000000-0x00000fff]
[    0.000000] PM: Registered nosave memory: [mem 0x0009f000-0x0009ffff]
[    0.000000] PM: Registered nosave memory: [mem 0x000a0000-0x000effff]
[    0.000000] PM: Registered nosave memory: [mem 0x000f0000-0x000fffff]
[    0.000000] e820: [mem 0x40000000-0xfebfffff] available for PCI devices
[    0.000000] Booting paravirtualized kernel on KVM
[    0.000000] clocksource: refined-jiffies: mask: 0xffffffff max_cycles: 0xffffffff, max_idle_ns: 7645519600211568 ns
[    0.000000] random: get_random_bytes called from start_kernel+0x99/0x500 with crng_init=0
[    0.000000] setup_percpu: NR_CPUS:8192 nr_cpumask_bits:2 nr_cpu_ids:2 nr_node_ids:1
[    0.000000] percpu: Embedded 50 pages/cpu s167936 r8192 d28672 u1048576
[    0.000000] PV qspinlock hash table entries: 256 (order: 0, 4096 bytes)
[    0.000000] Built 1 zonelists, mobility grouping on.  Total pages: 257913
[    0.000000] Policy zone: DMA32
[    0.000000] Kernel command line: BOOT_IMAGE=/boot/vmlinuz-4.15.0-193-generic root=UUID=023057b2-83bd-4879-8f6b-7441b51b61ca ro console=tty1 console=ttyS0
[    0.000000] Memory: 981788K/1048120K available (12300K kernel code, 2484K rwdata, 4324K rodata, 2468K init, 2724K bss, 66332K reserved, 0K cma-reserved)
[    0.000000] SLUB: HWalign=64, Order=0-3, MinObjects=0, CPUs=2, Nodes=1
[    0.000000] Kernel/User page tables isolation: enabled
[    0.000000] ftrace: allocating 39483 entries in 155 pages
[    0.004000] Hierarchical RCU implementation.
[    0.004000] 	RCU restricting CPUs from NR_CPUS=8192 to nr_cpu_ids=2.
[    0.004000] 	Tasks RCU enabled.
[    0.004000] RCU: Adjusting geometry for rcu_fanout_leaf=16, nr_cpu_ids=2
[    0.004000] NR_IRQS: 524544, nr_irqs: 440, preallocated irqs: 16
[    0.004000] Console: colour VGA+ 80x25
[    0.004000] console [tty1] enabled
[    0.004000] console [ttyS0] enabled
[    0.004000] ACPI: Core revision 20170831
[    0.004000] ACPI: 2 ACPI AML tables successfully acquired and loaded
[    0.004000] APIC: Switch to symmetric I/O mode setup
[    0.004000] ..TIMER: vector=0x30 apic1=0 pin1=2 apic2=-1 pin2=-1
[    0.004000] tsc: Detected 1991.999 MHz processor
[    0.004009] Calibrating delay loop (skipped) preset value.. 3983.99 BogoMIPS (lpj=7967996)
[    0.008003] pid_max: default: 32768 minimum: 301
[    0.012069] Security Framework initialized
[    0.016002] Yama: becoming mindful.
[    0.020088] AppArmor: AppArmor initialized
[    0.030198] Dentry cache hash table entries: 131072 (order: 8, 1048576 bytes)
[    0.034027] Inode-cache hash table entries: 65536 (order: 7, 524288 bytes)
[    0.036078] Mount-cache hash table entries: 2048 (order: 2, 16384 bytes)
[    0.040098] Mountpoint-cache hash table entries: 2048 (order: 2, 16384 bytes)
[    0.045701] Last level iTLB entries: 4KB 64, 2MB 8, 4MB 8
[    0.048003] Last level dTLB entries: 4KB 64, 2MB 0, 4MB 0, 1GB 4
[    0.052004] Spectre V1 : Mitigation: usercopy/swapgs barriers and __user pointer sanitization
[    0.056005] Spectre V2 : Mitigation: Retpolines
[    0.060002] Spectre V2 : Spectre v2 / SpectreRSB mitigation: Filling RSB on context switch
[    0.064003] Speculative Store Bypass: Vulnerable
[    0.068082] MDS: Mitigation: Clear CPU buffers
[    0.072002] MMIO Stale Data: Mitigation: Clear CPU buffers
[    0.076205] Freeing SMP alternatives memory: 36K
[    0.204325] APIC calibration not consistent with PM-Timer: 108ms instead of 100ms
[    0.208000] APIC delta adjusted to PM-Timer: 6470878 (7023306)
[    0.208429] smpboot: CPU0: Intel(R) Core(TM) i7-8550U CPU @ 1.80GHz (family: 0x6, model: 0x8e, stepping: 0xa)
[    0.212427] Performance Events: unsupported p6 CPU model 142 no PMU driver, software events only.
[    0.216132] Hierarchical SRCU implementation.
[    0.220770] NMI watchdog: Perf event create on CPU 0 failed with -2
[    0.224002] NMI watchdog: Perf NMI watchdog permanently disabled
[    0.228062] smp: Bringing up secondary CPUs ...
[    0.232082] x86: Booting SMP configuration:
[    0.236002] .... node  #0, CPUs:      #1
[    0.004000] kvm-clock: cpu 1, msr 0:3ff44041, secondary cpu clock
[    0.248136] smp: Brought up 1 node, 2 CPUs
[    0.252005] smpboot: Max logical packages: 1
[    0.256004] smpboot: Total of 2 processors activated (7967.99 BogoMIPS)
[    0.260230] devtmpfs: initialized
[    0.264065] x86/mm: Memory block size: 128MB
[    0.268138] evm: security.selinux
[    0.272003] evm: security.SMACK64
[    0.274933] evm: security.SMACK64EXEC
[    0.276002] evm: security.SMACK64TRANSMUTE
[    0.280002] evm: security.SMACK64MMAP
[    0.283278] evm: security.apparmor
[    0.284002] evm: security.ima
[    0.288002] evm: security.capability
[    0.292267] clocksource: jiffies: mask: 0xffffffff max_cycles: 0xffffffff, max_idle_ns: 7645041785100000 ns
[    0.296028] futex hash table entries: 512 (order: 3, 32768 bytes)
[    0.300044] pinctrl core: initialized pinctrl subsystem
[    0.304552] RTC time: 18:36:28, date: 09/27/22
[    0.308991] NET: Registered protocol family 16
[    0.312092] audit: initializing netlink subsys (disabled)
[    0.320164] audit: type=2000 audit(1664303793.113:1): state=initialized audit_enabled=0 res=1
[    0.328009] cpuidle: using governor ladder
[    0.332009] cpuidle: using governor menu
[    0.336045] ACPI: bus type PCI registered
[    0.340003] acpiphp: ACPI Hot Plug PCI Controller Driver version: 0.5
[    0.344572] PCI: Using configuration type 1 for base access
[    0.352313] HugeTLB registered 2.00 MiB page size, pre-allocated 0 pages
[    0.360023] ACPI: Added _OSI(Module Device)
[    0.363832] ACPI: Added _OSI(Processor Device)
[    0.364003] ACPI: Added _OSI(3.0 _SCP Extensions)
[    0.368002] ACPI: Added _OSI(Processor Aggregator Device)
[    0.372004] ACPI: Added _OSI(Linux-Dell-Video)
[    0.376003] ACPI: Added _OSI(Linux-Lenovo-NV-HDMI-Audio)
[    0.380003] ACPI: Added _OSI(Linux-HPI-Hybrid-Graphics)
[    0.384921] ACPI: Executed 1 blocks of module-level executable AML code
[    0.395681] ACPI: Interpreter enabled
[    0.396012] ACPI: (supports S0 S5)
[    0.400003] ACPI: Using IOAPIC for interrupt routing
[    0.404419] PCI: Using host bridge windows from ACPI; if necessary, use "pci=nocrs" and report a bug
[    0.408286] ACPI: Enabled 2 GPEs in block 00 to 07
[    0.423661] ACPI: PCI Root Bridge [PCI0] (domain 0000 [bus 00-ff])
[    0.424007] acpi PNP0A03:00: _OSC: OS supports [ASPM ClockPM Segments MSI]
[    0.428779] acpi PNP0A03:00: _OSC: not requesting OS control; OS requires [ExtendedConfig ASPM ClockPM MSI]
[    0.432012] acpi PNP0A03:00: fail to add MMCONFIG information, can't access extended PCI configuration space under this bridge.
[    0.436833] PCI host bridge to bus 0000:00
[    0.440004] pci_bus 0000:00: root bus resource [io  0x0000-0x0cf7 window]
[    0.444004] pci_bus 0000:00: root bus resource [io  0x0d00-0xffff window]
[    0.448007] pci_bus 0000:00: root bus resource [mem 0x000a0000-0x000bffff window]
[    0.452005] pci_bus 0000:00: root bus resource [mem 0x40000000-0xfdffffff window]
[    0.456004] pci_bus 0000:00: root bus resource [bus 00-ff]
[    0.469670] pci 0000:00:01.1: legacy IDE quirk: reg 0x10: [io  0x01f0-0x01f7]
[    0.472003] pci 0000:00:01.1: legacy IDE quirk: reg 0x14: [io  0x03f6]
[    0.476003] pci 0000:00:01.1: legacy IDE quirk: reg 0x18: [io  0x0170-0x0177]
[    0.480004] pci 0000:00:01.1: legacy IDE quirk: reg 0x1c: [io  0x0376]
[    0.504046] pci 0000:00:07.0: quirk: [io  0x4000-0x403f] claimed by PIIX4 ACPI
[    0.508041] pci 0000:00:07.0: quirk: [io  0x4100-0x410f] claimed by PIIX4 SMB
[    0.526370] ACPI: PCI Interrupt Link [LNKA] (IRQs 5 9 10 *11)
[    0.528657] ACPI: PCI Interrupt Link [LNKB] (IRQs 5 9 *10 11)
[    0.532274] ACPI: PCI Interrupt Link [LNKC] (IRQs 5 *9 10 11)
[    0.536245] ACPI: PCI Interrupt Link [LNKD] (IRQs 5 9 10 *11)
[    0.540876] SCSI subsystem initialized
[    0.548152] pci 0000:00:02.0: vgaarb: setting as boot VGA device
[    0.552000] pci 0000:00:02.0: vgaarb: VGA device added: decodes=io+mem,owns=io+mem,locks=none
[    0.552009] pci 0000:00:02.0: vgaarb: bridge control possible
[    0.556004] vgaarb: loaded
[    0.560101] ACPI: bus type USB registered
[    0.564053] usbcore: registered new interface driver usbfs
[    0.568023] usbcore: registered new interface driver hub
[    0.572027] usbcore: registered new device driver usb
[    0.580153] EDAC MC: Ver: 3.0.0
[    0.584998] PCI: Using ACPI for IRQ routing
[    0.588874] NetLabel: Initializing
[    0.592002] NetLabel:  domain hash size = 128
[    0.596002] NetLabel:  protocols = UNLABELED CIPSOv4 CALIPSO
[    0.600018] NetLabel:  unlabeled traffic allowed by default
[    0.604265] clocksource: Switched to clocksource kvm-clock
[    0.631847] VFS: Disk quotas dquot_6.6.0
[    0.631847] VFS: Dquot-cache hash table entries: 512 (order 0, 4096 bytes)
[    0.631847] AppArmor: AppArmor Filesystem Enabled
[    0.631847] pnp: PnP ACPI init
[    0.631847] pnp: PnP ACPI: found 3 devices
[    0.716644] clocksource: acpi_pm: mask: 0xffffff max_cycles: 0xffffff, max_idle_ns: 2085701024 ns
[    0.720444] NET: Registered protocol family 2
[    0.720444] IP idents hash table entries: 16384 (order: 5, 131072 bytes)
[    0.737710] TCP established hash table entries: 8192 (order: 4, 65536 bytes)
[    0.745050] TCP bind hash table entries: 8192 (order: 5, 131072 bytes)
[    0.752766] TCP: Hash tables configured (established 8192 bind 8192)
[    0.756243] UDP hash table entries: 512 (order: 2, 16384 bytes)
[    0.756243] UDP-Lite hash table entries: 512 (order: 2, 16384 bytes)
[    0.756243] NET: Registered protocol family 1
[    0.756243] pci 0000:00:00.0: Limiting direct PCI/PCI transfers
[    0.756243] pci 0000:00:01.0: Activating ISA DMA hang workarounds
[    0.756243] pci 0000:00:02.0: Video device with shadowed ROM at [mem 0x000c0000-0x000dffff]
[    0.756243] Unpacking initramfs...
[    1.296052] Freeing initrd memory: 20388K
[    1.302031] clocksource: tsc: mask: 0xffffffffffffffff max_cycles: 0x396d4ffc055, max_idle_ns: 881590662783 ns
[    1.311526] platform rtc_cmos: registered platform RTC device (no PNP device found)
[    1.319195] Scanning for low memory corruption every 60 seconds
[    1.326620] Initialise system trusted keyrings
[    1.331777] Key type blacklist registered
[    1.336461] workingset: timestamp_bits=36 max_order=18 bucket_order=0
[    1.345428] zbud: loaded
[    1.349848] squashfs: version 4.0 (2009/01/31) Phillip Lougher
[    1.356121] fuse init (API version 7.26)
[    1.380767] Key type asymmetric registered
[    1.385269] Asymmetric key parser 'x509' registered
[    1.389760] Block layer SCSI generic (bsg) driver version 0.4 loaded (major 246)
[    1.396736] io scheduler noop registered
[    1.401252] io scheduler deadline registered
[    1.405796] io scheduler cfq registered (default)
[    1.411189] ACPI: AC Adapter [AC] (on-line)
[    1.415320] input: Power Button as /devices/LNXSYSTM:00/LNXPWRBN:00/input/input0
[    1.422781] ACPI: Power Button [PWRF]
[    1.427013] input: Sleep Button as /devices/LNXSYSTM:00/LNXSLPBN:00/input/input1
[    1.433535] ACPI: Sleep Button [SLPF]
[    1.438042] Serial: 8250/16550 driver, 32 ports, IRQ sharing enabled
[    1.439695] ACPI: Battery Slot [BAT0] (battery present)
[    1.474799] 00:02: ttyS0 at I/O 0x3f8 (irq = 4, base_baud = 115200) is a 16550A
[    1.483132] Linux agpgart interface v0.103
[    1.489722] loop: module loaded
[    1.496315] scsi host0: ata_piix
[    1.500946] scsi host1: ata_piix
[    1.503893] ata1: PATA max UDMA/33 cmd 0x1f0 ctl 0x3f6 bmdma 0xd000 irq 14
[    1.510898] ata2: PATA max UDMA/33 cmd 0x170 ctl 0x376 bmdma 0xd008 irq 15
[    1.517230] tun: Universal TUN/TAP device driver, 1.6
[    1.523202] PPP generic driver version 2.4.2
[    1.527287] ehci_hcd: USB 2.0 'Enhanced' Host Controller (EHCI) Driver
[    1.533381] ehci-pci: EHCI PCI platform driver
[    1.537490] ehci-platform: EHCI generic platform driver
[    1.542869] ohci_hcd: USB 1.1 'Open' Host Controller (OHCI) Driver
[    1.548652] ohci-pci: OHCI PCI platform driver
[    1.553318] ohci-platform: OHCI generic platform driver
[    1.558715] uhci_hcd: USB Universal Host Controller Interface driver
[    1.564373] i8042: PNP: PS/2 Controller [PNP0303:PS2K,PNP0f03:PS2M] at 0x60,0x64 irq 1,12
[    1.575403] serio: i8042 KBD port at 0x60,0x64 irq 1
[    1.580132] serio: i8042 AUX port at 0x60,0x64 irq 12
[    1.584939] mousedev: PS/2 mouse device common for all mice
[    1.592719] rtc_cmos rtc_cmos: rtc core: registered rtc_cmos as rtc0
[    1.599419] rtc_cmos rtc_cmos: alarms up to one day, 114 bytes nvram
[    1.606197] i2c /dev entries driver
[    1.611584] input: AT Translated Set 2 keyboard as /devices/platform/i8042/serio0/input/input2
[    1.614225] device-mapper: uevent: version 1.0.3
[    1.625647] device-mapper: ioctl: 4.37.0-ioctl (2017-09-20) initialised: dm-devel@redhat.com
[    1.635219] ledtrig-cpu: registered to indicate activity on CPUs
[    1.644101] NET: Registered protocol family 10
[    1.658163] Segment Routing with IPv6
[    1.662960] NET: Registered protocol family 17
[    1.668564] Key type dns_resolver registered
[    1.674473] mce: Using 0 MCE banks
[    1.680282] RAS: Correctable Errors collector initialized.
[    1.685413] sched_clock: Marking stable (1685367613, 0)->(2494722336, -809354723)
[    1.739345] registered taskstats version 1
[    1.743730] Loading compiled-in X.509 certificates
[    1.752553] Loaded X.509 cert 'Build time autogenerated kernel key: b9e621348ccbcfe28d0c51e4c3b595dc856bdd44'
[    1.761844] Loaded X.509 cert 'Canonical Ltd. Live Patch Signing: 14df34d1a87cf37625abec039ef2bf521249b969'
[    1.770765] Loaded X.509 cert 'Canonical Ltd. Kernel Module Signing: 88f752e560a1e0737e31163a466ad7b70a850c19'
[    1.779606] blacklist: Loading compiled-in revocation X.509 certificates
[    1.785433] Loaded X.509 cert 'Canonical Ltd. Secure Boot Signing: 61482aa2830d0ab2ad5af10b7250da9033ddcef0'
[    1.793964] zswap: loaded using pool lzo/zbud
[    1.806896] Key type big_key registered
[    1.811086] Key type trusted registered
[    1.817937] Key type encrypted registered
[    1.822410] AppArmor: AppArmor sha1 policy hashing enabled
[    1.827279] ima: No TPM chip found, activating TPM-bypass! (rc=-19)
[    1.833467] ima: Allocated hash algorithm: sha1
[    1.837860] evm: HMAC attrs: 0x1
[    1.842132]   Magic number: 6:539:646
[    1.845802] scsi_host host0: hash matches
[    1.849788] scsi host0: hash matches
[    1.853718] rtc_cmos rtc_cmos: setting system clock to 2022-09-27 18:36:30 UTC (1664303790)
[    1.861953] BIOS EDD facility v0.16 2004-Jun-25, 0 devices found
[    1.867809] EDD information not available.
[    1.875540] Freeing unused kernel image memory: 2468K
[    1.906345] Write protecting the kernel read-only data: 20480k
[    1.913282] Freeing unused kernel image memory: 2008K
[    1.918267] Freeing unused kernel image memory: 1820K
[    1.929019] x86/mm: Checked W+X mappings: passed, no W+X pages found.
[    1.935344] x86/mm: Checking user space page tables
[    1.945280] x86/mm: Checked W+X mappings: passed, no W+X pages found.
Loading, please wait...
starting version 237
[    2.047654] Fusion MPT base driver 3.04.20
[    2.052285] Copyright (c) 1999-2008 LSI Corporation
[    2.058987] e1000: Intel(R) PRO/1000 Network Driver - version 7.3.21-k8-NAPI
[    2.066752] e1000: Copyright (c) 1999-2006 Intel Corporation.
[    2.080436] Fusion MPT SPI Host driver 3.04.20
[    2.308907] input: ImExPS/2 Generic Explorer Mouse as /devices/platform/i8042/serio1/input/input4
[    2.770583] e1000 0000:00:03.0 eth0: (PCI:33MHz:32-bit) 02:77:d8:76:0e:b8
[    2.777892] e1000 0000:00:03.0 eth0: Intel(R) PRO/1000 Network Connection
[    2.786943] mptbase: ioc0: Initiating bringup
[    2.891008] ioc0: LSI53C1030 A0: Capabilities={Initiator}
[    3.151922] scsi host2: ioc0: LSI53C1030 A0, FwRev=00000000h, Ports=1, MaxQ=256, IRQ=20
[    3.329775] scsi 2:0:0:0: Direct-Access     VBOX     HARDDISK         1.0  PQ: 0 ANSI: 5
[    3.383788] scsi target2:0:0: Beginning Domain Validation
[    3.460031] scsi target2:0:0: Domain Validation skipping write tests
[    3.466072] scsi target2:0:0: Ending Domain Validation
[    3.471560] scsi target2:0:0: asynchronous
[    3.477016] random: fast init done
[    3.480708] scsi 2:0:1:0: Direct-Access     VBOX     HARDDISK         1.0  PQ: 0 ANSI: 5
[    3.832429] scsi target2:0:1: Beginning Domain Validation
[    3.846131] scsi target2:0:1: Domain Validation skipping write tests
[    3.852877] scsi target2:0:1: Ending Domain Validation
[    3.859632] scsi target2:0:1: asynchronous
[    3.876644] random: systemd-udevd: uninitialized urandom read (16 bytes read)
[    3.885240] sd 2:0:0:0: Attached scsi generic sg0 type 0
[    3.890982] sd 2:0:1:0: Attached scsi generic sg1 type 0
[    3.896802] random: systemd-udevd: uninitialized urandom read (16 bytes read)
[    3.904921] random: systemd-udevd: uninitialized urandom read (16 bytes read)
[    3.920740] sd 2:0:1:0: [sdb] 20480 512-byte logical blocks: (10.5 MB/10.0 MiB)
[    3.927562] sd 2:0:0:0: [sda] 83886080 512-byte logical blocks: (42.9 GB/40.0 GiB)
[    3.937053] sd 2:0:1:0: [sdb] Write Protect is off
[    3.943608] sd 2:0:1:0: [sdb] Incomplete mode parameter data
[    3.950250] sd 2:0:1:0: [sdb] Assuming drive cache: write through
[    3.957105] sd 2:0:0:0: [sda] Write Protect is off
[    3.962637] sd 2:0:0:0: [sda] Incomplete mode parameter data
[    3.968139] sd 2:0:0:0: [sda] Assuming drive cache: write through
[    3.980020]  sda: sda1
[    3.987125] sd 2:0:1:0: [sdb] Attached SCSI disk
[    3.992772] sd 2:0:0:0: [sda] Attached SCSI disk
[    4.073641] e1000 0000:00:08.0 eth1: (PCI:33MHz:32-bit) 08:00:27:ab:bf:12
[    4.080743] e1000 0000:00:08.0 eth1: Intel(R) PRO/1000 Network Connection
[    4.090853] e1000 0000:00:03.0 enp0s3: renamed from eth0
[    4.109816] e1000 0000:00:08.0 enp0s8: renamed from eth1
Begin: Loading essential drivers ... [  109.217981] INFO: rcu_sched self-detected stall on CPU
[  109.217987] INFO: rcu_sched detected stalls on CPUs/tasks:
[  109.223870] 	1-...!: (4 ticks this GP) idle=18e/140000000000001/0 softirq=786/786 fqs=3 
[  109.239742] 	 (t=25755 jiffies g=-129 c=-130 q=289)
[  109.239781] 	1-...!: (4 ticks this GP) idle=18e/140000000000001/0 softirq=786/786 fqs=3 
[  109.245878] rcu_sched kthread starved for 25747 jiffies! g18446744073709551487 c18446744073709551486 f0x0 RCU_GP_WAIT_FQS(3) ->state=0x402 ->cpu=0
[  109.254604] 	(detected by 0, t=25755 jiffies, g=-129, c=-130, q=289)
[  109.268658] rcu_sched       I    0     8      2 0x80000000
[  109.275294] Sending NMI from CPU 0 to CPUs 1:
[  109.282533] Call Trace:
[  109.288119] NMI backtrace for cpu 1
[  109.288119] CPU: 1 PID: 250 Comm: modprobe Not tainted 4.15.0-193-generic #204-Ubuntu
[  109.288120] Hardware name: innotek GmbH VirtualBox/VirtualBox, BIOS VirtualBox 12/01/2006
[  109.288120] RIP: 0010:io_serial_in+0x18/0x20
[  109.288121] RSP: 0018:ffff8a0c3fd03ad0 EFLAGS: 00010002
[  109.288121] RAX: ffffffffba41de60 RBX: ffffffffbb914e60 RCX: 0000000000000000
[  109.288122] RDX: 00000000000003fd RSI: 0000000000000005 RDI: ffffffffbb914e60
[  109.288122] RBP: ffff8a0c3fd03ad0 R08: 0000000000000000 R09: 0000000000000007
[  109.288122] R10: 0000000000000000 R11: ffffffffbb76880d R12: 0000000000002710
[  109.288123] R13: 0000000000000020 R14: ffffffffbb768801 R15: ffffffffbb914e60
[  109.288123] FS:  00007f839b341540(0000) GS:ffff8a0c3fd00000(0000) knlGS:0000000000000000
[  109.288123] CS:  0010 DS: 0000 ES: 0000 CR0: 0000000080050033
[  109.288124] CR2: 00007f4e2916c5a0 CR3: 0000000039b7e004 CR4: 00000000000206e0
[  109.288124] Call Trace:
[  109.288124]  <IRQ>
[  109.288124]  wait_for_xmitr+0x47/0xb0
[  109.288125]  serial8250_console_putchar+0x1c/0x40
[  109.288125]  ? wait_for_xmitr+0xb0/0xb0
[  109.288125]  uart_console_write+0x4c/0x60
[  109.288126]  serial8250_console_write+0x10a/0x280
[  109.288126]  ? msg_print_text+0x80/0x100
[  109.288126]  univ8250_console_write+0x21/0x30
[  109.288126]  console_unlock+0x3cf/0x560
[  109.288127]  vprintk_emit+0x134/0x2c0
[  109.288127]  vprintk_default+0x29/0x50
[  109.288127]  vprintk_func+0x47/0xc0
[  109.288127]  printk+0x52/0x6e
[  109.288127]  show_trace_log_lvl+0x8c/0x3d0
[  109.288128]  ? vprintk_default+0x29/0x50
[  109.288128]  ? vprintk_func+0x47/0xc0
[  109.288128]  show_stack+0x34/0x50
[  109.288128]  sched_show_task+0xfe/0x130
[  109.288129]  rcu_check_gp_kthread_starvation+0xad/0xc0
[  109.288129]  rcu_check_callbacks+0x6c5/0x8e0
[  109.288129]  ? tick_sched_do_timer+0x50/0x50
[  109.288130]  update_process_times+0x2f/0x60
[  109.288130]  tick_sched_handle+0x26/0x70
[  109.288130]  ? tick_sched_do_timer+0x50/0x50
[  109.288130]  tick_sched_timer+0x39/0x80
[  109.288131]  __hrtimer_run_queues+0xdf/0x230
[  109.288131]  hrtimer_interrupt+0xa0/0x1d0
[  109.288131]  smp_apic_timer_interrupt+0x6f/0x140
[  109.288131]  apic_timer_interrupt+0x90/0xa0
[  109.288132]  </IRQ>
[  109.288132] RIP: 0010:raid6_sse21_gen_syndrome+0xba/0x130 [raid6_pq]
[  109.288132] RSP: 0018:ffff9c51c0377b60 EFLAGS: 00010283 ORIG_RAX: ffffffffffffff11
[  109.288133] RAX: ffff9c51c0377be0 RBX: 0000000000001000 RCX: ffffffffc030e600
[  109.288133] RDX: 0000000000000e60 RSI: ffff9c51c0377c28 RDI: 000000000000000d
[  109.288134] RBP: ffff9c51c0377b90 R08: ffff9c51c0377ba8 R09: 0000000000000e60
[  109.288134] R10: ffff9c51c0377c20 R11: ffff9c51c0377c18 R12: ffff8a0c36cae000
[  109.288134] R13: ffff8a0c36caf000 R14: ffff9c51c0377bb0 R15: 0000000000000080
[  109.288134]  init_module+0x118/0x1000 [raid6_pq]
[  109.288135]  ? 0xffffffffc027f000
[  109.288135]  do_one_initcall+0x52/0x1a0
[  109.288135]  ? _cond_resched+0x19/0x40
[  109.288135]  ? kmem_cache_alloc_trace+0x167/0x1d0
[  109.288136]  ? do_init_module+0x27/0x1f2
[  109.288136]  do_init_module+0x4f/0x1f2
[  109.288136]  load_module+0x1772/0x2000
[  109.288136]  ? ima_post_read_file+0x96/0xa0
[  109.288137]  SYSC_finit_module+0xfc/0x120
[  109.288137]  ? SYSC_finit_module+0xfc/0x120
[  109.288137]  SyS_finit_module+0xe/0x10
[  109.288137]  do_syscall_64+0x73/0x130
[  109.288138]  entry_SYSCALL_64_after_hwframe+0x41/0xa6
[  109.288138] RIP: 0033:0x7f839ae45539
[  109.288138] RSP: 002b:00007ffc2a756448 EFLAGS: 00000246 ORIG_RAX: 0000000000000139
[  109.288139] RAX: ffffffffffffffda RBX: 0000555c24abb800 RCX: 00007f839ae45539
[  109.288139] RDX: 0000000000000000 RSI: 0000555c23a55cee RDI: 0000000000000004
[  109.288140] RBP: 0000555c23a55cee R08: 0000000000000000 R09: 0000555c24abad80
[  109.288140] R10: 0000000000000004 R11: 0000000000000246 R12: 0000000000000000
[  109.288140] R13: 0000555c24abb7b0 R14: 0000000000060000 R15: 0000555c24abad80
[  109.288140] Code: 48 89 e5 d3 e6 48 63 f6 48 03 77 10 8b 06 5d c3 0f 1f 00 0f 1f 44 00 00 0f b6 8f a1 00 00 00 8b 57 08 55 48 89 e5 d3 e6 01 f2 ec <0f> b6 c0 5d c3 0f 1f 00 0f 1f 44 00 00 0f b6 8f a1 00 00 00 89 
[  109.288151] rcu_sched kthread starved for 25747 jiffies! g18446744073709551487 c18446744073709551486 f0x0 RCU_GP_WAIT_FQS(3) ->state=0x402 ->cpu=0
[  109.290386]  __schedule+0x24e/0x890
[  109.294063] rcu_sched       I    0     8      2 0x80000000
[  109.303495]  schedule+0x2c/0x80
[  109.311931] Call Trace:
[  109.317416]  schedule_timeout+0x15d/0x370
[  109.323055]  __schedule+0x24e/0x890
[  109.331005]  ? __next_timer_interrupt+0xe0/0xe0
[  109.339484]  schedule+0x2c/0x80
[  109.347318]  rcu_gp_kthread+0x53a/0x980
[  109.355238]  schedule_timeout+0x15d/0x370
[  109.363267]  kthread+0x121/0x140
[  109.372352]  ? __next_timer_interrupt+0xe0/0xe0
[  109.378421]  ? rcu_note_context_switch+0x150/0x150
[  109.386057]  rcu_gp_kthread+0x53a/0x980
[  109.389273]  ? kthread_create_worker_on_cpu+0x70/0x70
[  109.391561]  kthread+0x121/0x140
[  109.395952]  ret_from_fork+0x35/0x40
[  109.401430]  ? rcu_note_context_switch+0x150/0x150
[  109.406748] NMI backtrace for cpu 1
[  109.411389]  ? kthread_create_worker_on_cpu+0x70/0x70
[  109.416736] CPU: 1 PID: 250 Comm: modprobe Not tainted 4.15.0-193-generic #204-Ubuntu
[  109.421490]  ret_from_fork+0x35/0x40
[  109.426854] Hardware name: innotek GmbH VirtualBox/VirtualBox, BIOS VirtualBox 12/01/2006
[  109.878933] Call Trace:
[  109.883101]  <IRQ>
[  109.886685]  dump_stack+0x6d/0x8b
[  109.891546]  nmi_cpu_backtrace+0x94/0xa0
[  109.896957]  ? lapic_can_unplug_cpu+0xb0/0xb0
[  109.903086]  nmi_trigger_cpumask_backtrace+0xe7/0x130
[  109.909337]  arch_trigger_cpumask_backtrace+0x19/0x20
[  109.915566]  rcu_dump_cpu_stacks+0xa3/0xd5
[  109.922328]  rcu_check_callbacks+0x6cd/0x8e0
[  109.927624]  ? tick_sched_do_timer+0x50/0x50
[  109.932723]  update_process_times+0x2f/0x60
[  109.938550]  tick_sched_handle+0x26/0x70
[  109.943755]  ? tick_sched_do_timer+0x50/0x50
[  109.949026]  tick_sched_timer+0x39/0x80
[  109.954637]  __hrtimer_run_queues+0xdf/0x230
[  109.960551]  hrtimer_interrupt+0xa0/0x1d0
[  109.965038]  smp_apic_timer_interrupt+0x6f/0x140
[  109.969994]  apic_timer_interrupt+0x90/0xa0
[  109.974977]  </IRQ>
[  109.977666] RIP: 0010:raid6_sse21_gen_syndrome+0xba/0x130 [raid6_pq]
[  109.984383] RSP: 0018:ffff9c51c0377b60 EFLAGS: 00010283 ORIG_RAX: ffffffffffffff11
[  109.993861] RAX: ffff9c51c0377be0 RBX: 0000000000001000 RCX: ffffffffc030e600
[  110.001873] RDX: 0000000000000e60 RSI: ffff9c51c0377c28 RDI: 000000000000000d
[  110.010762] RBP: ffff9c51c0377b90 R08: ffff9c51c0377ba8 R09: 0000000000000e60
[  110.018209] R10: ffff9c51c0377c20 R11: ffff9c51c0377c18 R12: ffff8a0c36cae000
[  110.026098] R13: ffff8a0c36caf000 R14: ffff9c51c0377bb0 R15: 0000000000000080
[  110.033529]  init_module+0x118/0x1000 [raid6_pq]
[  110.039444]  ? 0xffffffffc027f000
[  110.043389]  do_one_initcall+0x52/0x1a0
[  110.047190]  ? _cond_resched+0x19/0x40
[  110.051028]  ? kmem_cache_alloc_trace+0x167/0x1d0
[  110.055753]  ? do_init_module+0x27/0x1f2
[  110.060809]  do_init_module+0x4f/0x1f2
[  110.064514]  load_module+0x1772/0x2000
[  110.068929]  ? ima_post_read_file+0x96/0xa0
[  110.073091]  SYSC_finit_module+0xfc/0x120
[  110.077408]  ? SYSC_finit_module+0xfc/0x120
[  110.081825]  SyS_finit_module+0xe/0x10
[  110.085732]  do_syscall_64+0x73/0x130
[  110.089662]  entry_SYSCALL_64_after_hwframe+0x41/0xa6
[  110.094838] RIP: 0033:0x7f839ae45539
[  110.098413] RSP: 002b:00007ffc2a756448 EFLAGS: 00000246 ORIG_RAX: 0000000000000139
[  110.105977] RAX: ffffffffffffffda RBX: 0000555c24abb800 RCX: 00007f839ae45539
[  110.113607] RDX: 0000000000000000 RSI: 0000555c23a55cee RDI: 0000000000000004
[  110.121656] RBP: 0000555c23a55cee R08: 0000000000000000 R09: 0000555c24abad80
[  110.129071] R10: 0000000000000004 R11: 0000000000000246 R12: 0000000000000000
[  110.135856] R13: 0000555c24abb7b0 R14: 0000000000060000 R15: 0000555c24abad80
[  110.143671] raid6: sse2x1   gen() 27068217 MB/s
[  110.196596] raid6: sse2x1   xor()  7857 MB/s
[  110.260555] raid6: sse2x2   gen() 15595 MB/s
[  110.324977] raid6: sse2x2   xor() 10768 MB/s
[  110.389471] raid6: sse2x4   gen() 18993 MB/s
[  111.215011] raid6: sse2x4   xor() 181518 MB/s
[  111.220435] raid6: using algorithm sse2x1 gen() 27068217 MB/s
[  111.226669] raid6: .... xor() 7857 MB/s, rmw enabled
[  111.231709] raid6: using ssse3x2 recovery algorithm
[  111.240744] xor: measuring software checksum speed
[  111.284785]    prefetch64-sse: 16138.000 MB/sec
[  111.328768]    generic_sse: 19282.000 MB/sec
[  111.334032] xor: using function: generic_sse (19282.000 MB/sec)
[  111.342051] async_tx: api initialized (async)
done.
Begin: Running /scripts/init-premount ... done.
Begin: Mounting root file system ... Begin: Running /scripts/local-top ... done.
Begin: Running /scripts/local-premount ... [  111.408563] Btrfs loaded, crc32c=crc32c-intel
Scanning for Btrfs filesystems
done.
Begin: Will now check root file system ... fsck from util-linux 2.31.1
[/sbin/fsck.ext4 (1) -- /dev/sda1] fsck.ext4 -a -C0 /dev/sda1 
cloudimg-rootfs: clean, 109541/5120000 files, 815208/10485499 blocks
done.
[  111.497874] EXT4-fs (sda1): mounted filesystem with ordered data mode. Opts: (null)
done.
Begin: Running /scripts/local-bottom ... done.
Begin: Running /scripts/init-bottom ... done.
[  111.874840] ip_tables: (C) 2000-2006 Netfilter Core Team
[  111.903384] systemd[1]: systemd 237 running in system mode. (+PAM +AUDIT +SELINUX +IMA +APPARMOR +SMACK +SYSVINIT +UTMP +LIBCRYPTSETUP +GCRYPT +GNUTLS +ACL +XZ +LZ4 +SECCOMP +BLKID +ELFUTILS +KMOD -IDN2 +IDN -PCRE2 default-hierarchy=hybrid)
[  111.925679] systemd[1]: Detected virtualization oracle.
[  111.932035] systemd[1]: Detected architecture x86-64.

Welcome to [1mUbuntu 18.04.6 LTS[0m!

[  111.969857] systemd[1]: Set hostname to <ubuntu-bionic>.
[  112.515505] systemd[1]: Created slice User and Session Slice.
[[0;32m  OK  [0m] Created slice User and Session Slice.
[  112.536009] systemd[1]: Reached target User and Group Name Lookups.
[[0;32m  OK  [0m] Reached target User and Group Name Lookups.
[  112.546085] systemd[1]: Set up automount Arbitrary Executable File Formats File System Automount Point.
[[0;32m  OK  [0m] Set up automount Arbitrary Executabâ€¦rmats File System Automount Point.
[  112.559076] systemd[1]: Reached target System Time Synchronized.
[[0;32m  OK  [0m] Reached target System Time Synchronized.
[  112.568682] systemd[1]: Reached target Swap.
[[0;32m  OK  [0m] Reached target Swap.
[  112.575158] systemd[1]: Created slice System Slice.
[[0;32m  OK  [0m] Created slice System Slice.
[[0;32m  OK  [0m] Reached target Slices.
[[0;32m  OK  [0m] Listening on /dev/initctl Compatibility Named Pipe.
[[0;32m  OK  [0m] Listening on LVM2 poll daemon socket.
[[0;32m  OK  [0m] Listening on Journal Socket (/dev/log).
[[0;32m  OK  [0m] Listening on fsck to fsckd communication Socket.
[[0;32m  OK  [0m] Created slice system-serial\x2dgetty.slice.
[[0;32m  OK  [0m] Listening on LVM2 metadata daemon socket.
[[0;32m  OK  [0m] Started Forward Password Requests to Wall Directory Watch.
[[0;32m  OK  [0m] Listening on Journal Audit Socket.
[[0;32m  OK  [0m] Listening on Journal Socket.
         Mounting Huge Pages File System...
         Mounting POSIX Message Queue File System...
         Starting Create list of required stâ€¦ce nodes for the current kernel...
         Starting Load Kernel Modules...
         Starting Set the console keyboard layout...
[[0;32m  OK  [0m] Listening on Syslog Socket.
         Starting Journal Service...
[[0;32m  OK  [0m] Listening on udev Control Socket.
[[0;32m  OK  [0m] Listening on Network Service Netlink Socket.
[[0;32m  OK  [0m] Listening on Device-mapper event daemon FIFOs.
[  112.697406] Loading iSCSI transport class v2.0-870.
         Starting Monitoring of LVM2 mirrorsâ€¦ng dmeventd or progress polling...
         Starting Uncomplicated firewall...
         Mounting Kernel Debug File System...
         Starting Remount Root and Kernel File Systems...
[[0;32m  OK  [0m] Listening on udev Kernel Socket.
         Starting udev Coldplug all Devices...
[[0;32m  OK  [0m] Mounted Huge Pages File System.
[[0;32m  OK  [0m] Mounted POSIX Message Queue File System.
[[0;32m  OK  [0m] Started Create list of required staâ€¦vice nodes for the current kernel.
[[0;32m  OK  [0m] Mounted Kernel Debug File System.
         Starting Create Static Device Nodes in /dev...
[[0;32m  OK  [0m] Started Journal Service.
[[0;32m  OK  [0m] Started LVM2 metadata daemon.
[[0;32m  OK  [0m] Started Uncomplicated firewall.
[[0;32m  OK  [0m] Started udev Coldplug all Devices.
[[0;32m  OK  [0m] Started Create Static Device Nodes in /dev.
[  112.879257] iscsi: registered transport (tcp)
[  112.901054] EXT4-fs (sda1): re-mounted. Opts: (null)
[[0;32m  OK  [0m] Started Remount Root and Kernel File Systems.
         Starting Flush Journal to Persistent Storage...
         Starting udev Kernel Device Manager...
         Starting Load/Save Random Seed...
[  112.957227] systemd-journald[380]: Received request to flush runtime journal from PID 1
[[0;32m  OK  [0m] Started Load/Save Random Seed.
[[0;32m  OK  [0m] Started udev Kernel Device Manager.
[[0;32m  OK  [0m] Started Monitoring of LVM2 mirrors,â€¦sing dmeventd or progress polling.
[  113.127689] iscsi: registered transport (iser)
[[0;32m  OK  [0m] Started Load Kernel Modules.
         Mounting FUSE Control File System...
         Mounting Kernel Configuration File System...
         Starting Apply Kernel Variables...
[[0;32m  OK  [0m] Mounted FUSE Control File System.
[[0;32m  OK  [0m] Mounted Kernel Configuration File System.
[[0;32m  OK  [0m] Started Set the console keyboard layout.
[[0;32m  OK  [0m] Started Dispatch Password Requests to Console Directory Watch.
[[0;32m  OK  [0m] Reached target Local Encrypted Volumes.
[[0;32m  OK  [0m] Reached target Local File Systems (Pre).
[[0;32m  OK  [0m] Reached target Local File Systems.
         Starting AppArmor initialization...
         Starting Tell Plymouth To Write Out Runtime Data...
         Starting Set console font and keymap...
         Starting ebtables ruleset management...
[[0;32m  OK  [0m] Started Flush Journal to Persistent Storage.
[[0;32m  OK  [0m] Started Apply Kernel Variables.
         Starting Create Volatile Files and Directories...
[[0;32m  OK  [0m] Started Tell Plymouth To Write Out Runtime Data.
[[0;32m  OK  [0m] Started Set console font and keymap.
[[0;32m  OK  [0m] Started Create Volatile Files and Directories.
         Starting Update UTMP about System Boot/Shutdown...
[[0;32m  OK  [0m] Started Update UTMP about System Boot/Shutdown.
[[0;32m  OK  [0m] Started ebtables ruleset management.
[[0;32m  OK  [0m] Found device /dev/ttyS0.
[[0;32m  OK  [0m] Listening on Load/Save RF Kill Switch Status /dev/rfkill Watch.
[[0;32m  OK  [0m] Started AppArmor initialization.
         Starting Load AppArmor profiles managed internally by snapd...
         Starting Initial cloud-init job (pre-networking)...
[[0;32m  OK  [0m] Started Load AppArmor profiles managed internally by snapd.
[  116.690652] cloud-init[529]: Cloud-init v. 22.2-0ubuntu1~18.04.3 running 'init-local' at Tue, 27 Sep 2022 18:38:25 +0000. Up 116.41 seconds.
[[0;32m  OK  [0m] Started Initial cloud-init job (pre-networking).
[[0;32m  OK  [0m] Reached target Network (Pre).
         Starting Network Service...
[[0;32m  OK  [0m] Started Network Service.
         Starting Wait for Network to be Configured...
         Starting Network Name Resolution...
[[0;32m  OK  [0m] Started Network Name Resolution.
[[0;32m  OK  [0m] Reached target Network.
[[0;32m  OK  [0m] Reached target Host and Network Name Lookups.
[[0;32m  OK  [0m] Started Wait for Network to be Configured.
         Starting Initial cloud-init job (metadata service crawler)...
[  120.278974] cloud-init[681]: Cloud-init v. 22.2-0ubuntu1~18.04.3 running 'init' at Tue, 27 Sep 2022 18:38:28 +0000. Up 120.12 seconds.
[  120.286561] cloud-init[681]: ci-info: ++++++++++++++++++++++++++++++++++++++Net device info+++++++++++++++++++++++++++++++++++++++
[  120.293123] cloud-init[681]: ci-info: +--------+------+-----------------------------+---------------+--------+-------------------+
[  120.300153] cloud-init[681]: ci-info: | Device |  Up  |           Address           |      Mask     | Scope  |     Hw-Address    |
[  120.306278] cloud-init[681]: ci-info: +--------+------+-----------------------------+---------------+--------+-------------------+
[  120.313324] cloud-init[681]: ci-info: | enp0s3 | True |          10.0.2.15          | 255.255.255.0 | global | 02:77:d8:76:0e:b8 |
[  120.320099] cloud-init[681]: ci-info: | enp0s3 | True |  fe80::77:d8ff:fe76:eb8/64  |       .       |  link  | 02:77:d8:76:0e:b8 |
[  120.326437] cloud-init[681]: ci-info: | enp0s8 | True |         192.168.1.25        | 255.255.255.0 | global | 08:00:27:ab:bf:12 |
[  120.333106] cloud-init[681]: ci-info: | enp0s8 | True | fe80::a00:27ff:feab:bf12/64 |       .       |  link  | 08:00:27:ab:bf:12 |
[  120.339484] cloud-init[681]: ci-info: |   lo   | True |          127.0.0.1          |   255.0.0.0   |  host  |         .         |
[  120.345877] cloud-init[681]: ci-info: |   lo   | True |           ::1/128           |       .       |  host  |         .         |
[  120.353602] cloud-init[681]: ci-info: +--------+------+-----------------------------+---------------+--------+-------------------+
[  120.360937] cloud-init[681]: ci-info: ++++++++++++++++++++++++++++Route IPv4 info+++++++++++++++++++++++++++++
[  120.368105] cloud-init[681]: ci-info: +-------+-------------+----------+-----------------+-----------+-------+
[  120.375164] cloud-init[681]: ci-info: | Route | Destination | Gateway  |     Genmask     | Interface | Flags |
[  120.381098] cloud-init[681]: ci-info: +-------+-------------+----------+-----------------+-----------+-------+
[  120.387017] cloud-init[681]: ci-info: |   0   |   0.0.0.0   | 10.0.2.2 |     0.0.0.0     |   enp0s3  |   UG  |
[  120.393490] cloud-init[681]: ci-info: |   1   |   10.0.2.0  | 0.0.0.0  |  255.255.255.0  |   enp0s3  |   U   |
[  120.399020] cloud-init[681]: ci-info: |   2   |   10.0.2.2  | 0.0.0.0  | 255.255.255.255 |   enp0s3  |   UH  |
[  120.405452] cloud-init[681]: ci-info: |   3   | 192.168.1.0 | 0.0.0.0  |  255.255.255.0  |   enp0s8  |   U   |
[  120.411149] cloud-init[681]: ci-info: +-------+-------------+----------+-----------------+-----------+-------+
[  120.417780] cloud-init[681]: ci-info: +++++++++++++++++++Route IPv6 info+++++++++++++++++++
[  120.424508] cloud-init[681]: ci-info: +-------+-------------+---------+-----------+-------+
[  120.430909] cloud-init[681]: ci-info: | Route | Destination | Gateway | Interface | Flags |
[  120.436716] cloud-init[681]: ci-info: +-------+-------------+---------+-----------+-------+
[  120.442649] cloud-init[681]: ci-info: |   1   |  fe80::/64  |    ::   |   enp0s8  |   U   |
[  120.453375] cloud-init[681]: ci-info: |   2   |  fe80::/64  |    ::   |   enp0s3  |   U   |
[  120.457458] cloud-init[681]: ci-info: |   4   |    local    |    ::   |   enp0s3  |   U   |
[  120.460513] cloud-init[681]: ci-info: |   5   |    local    |    ::   |   enp0s8  |   U   |
[  120.463316] cloud-init[681]: ci-info: |   6   |   ff00::/8  |    ::   |   enp0s8  |   U   |
[  120.466262] cloud-init[681]: ci-info: |   7   |   ff00::/8  |    ::   |   enp0s3  |   U   |
[  120.469120] cloud-init[681]: ci-info: +-------+-------------+---------+-----------+-------+
[[0;32m  OK  [0m] Started Initial cloud-init job (metadata service crawler).
[[0;32m  OK  [0m] Reached target System Initialization.
         Starting Socket activation for snappy daemon.
[[0;32m  OK  [0m] Started Daily apt download activities.
[[0;32m  OK  [0m] Started Clean PHP session files every 30 mins.
[[0;32m  OK  [0m] Listening on UUID daemon activation socket.
[[0;32m  OK  [0m] Started Discard unused blocks once a week.
[[0;32m  OK  [0m] Started Ubuntu Advantage Timer for running repeated jobs.
[[0;32m  OK  [0m] Started Daily Cleanup of Temporary Directories.
[[0;32m  OK  [0m] Started Message of the Day.
[[0;32m  OK  [0m] Started Daily apt upgrade and clean activities.
[[0;32m  OK  [0m] Reached target Timers.
[[0;32m  OK  [0m] Listening on cloud-init hotplug hook socket.
[[0;32m  OK  [0m] Started ACPI Events Check.
[[0;32m  OK  [0m] Reached target Paths.
[[0;32m  OK  [0m] Listening on D-Bus System Message Bus Socket.
[[0;32m  OK  [0m] Listening on Open-iSCSI iscsid Socket.
[[0;32m  OK  [0m] Listening on ACPID Listen Socket.
         Starting LXD - unix socket.
[[0;32m  OK  [0m] Reached target Cloud-config availability.
[[0;32m  OK  [0m] Reached target Network is Online.
[[0;32m  OK  [0m] Reached target Remote File Systems (Pre).
         Starting Availability of block devices...
         Mounting /tmp/vagrant-puppet/manifeâ€¦987fd5f72c17d54c08031a1c4913b39...
         Mounting /configs...
[[0;32m  OK  [0m] Listening on Socket activation for snappy daemon.
[[0;32m  OK  [0m] Listening on LXD - unix socket.
[[0;32m  OK  [0m] Started Availability of block devices.
[[0;32m  OK  [0m] Reached target Sockets.
[[0;32m  OK  [0m] Reached target Basic System.
         Starting LXD - container startup/shutdown...
         Starting LSB: Record successful boot for GRUB...
         Starting Accounts Service...
         Starting Login Service...
[[0;32m  OK  [0m] Started irqbalance daemon.
[[0;32m  OK  [0m] Started Regular background program processing daemon.
         Starting OpenBSD Secure Shell server...
         Starting Dispatcher daemon for systemd-networkd...
[[0;32m  OK  [0m] Started Deferred execution scheduler.
         Starting System Logging Service...
[[0;32m  OK  [0m] Started D-Bus System Message Bus.
[[0;32m  OK  [0m] Started Login Service.
         Starting vboxadd.service...
[[0;32m  OK  [0m] Started FUSE filesystem for LXC.
[[0;32m  OK  [0m] Started Unattended Upgrades Shutdown.
         Starting Snap Daemon...
[[0;32m  OK  [0m] Started System Logging Service.
[[0;32m  OK  [0m] Mounted /tmp/vagrant-puppet/manifesâ€¦-1987fd5f72c17d54c08031a1c4913b39.
[[0;1;31mFAILED[0m] Failed to mount /configs.
See 'systemctl status configs.mount' for details.
[[0;1;33mDEPEND[0m] Dependency failed for Remote File Systems.
[[0;32m  OK  [0m] Started LXD - container startup/shutdown.
[[0;32m  OK  [0m] Started OpenBSD Secure Shell server.
         Starting Authorization Manager...
         Starting Permit User Sessions...
         Starting LSB: automatic crash report generation...
         Starting The Apache HTTP Server...
[[0;32m  OK  [0m] Started Permit User Sessions.
         Starting Hold until boot process finishes up...
         Starting Terminate Plymouth Boot Screen...
[[0;32m  OK  [0m] Started Hold until boot process finishes up.
[[0;32m  OK  [0m] Started Serial Getty on ttyS0.
         Starting Set console scheme...
[[0;32m  OK  [0m] Started Terminate Plymouth Boot Screen.
[[0;32m  OK  [0m] Started Set console scheme.
[[0;32m  OK  [0m] Created slice system-getty.slice.
[[0;32m  OK  [0m] Started Getty on tty1.
[[0;32m  OK  [0m] Reached target Login Prompts.
[[0;32m  OK  [0m] Started LSB: Record successful boot for GRUB.
[[0;32m  OK  [0m] Started Authorization Manager.
[[0;32m  OK  [0m] Started Accounts Service.
[[0;32m  OK  [0m] Started LSB: automatic crash report generation.
[[0;32m  OK  [0m] Started Dispatcher daemon for systemd-networkd.
[[0;32m  OK  [0m] Started The Apache HTTP Server.
[[0;32m  OK  [0m] Started Snap Daemon.
         Starting Wait until snapd is fully seeded...
         Starting Time & Date Service...
[[0;32m  OK  [0m] Started Time & Date Service.
[[0;32m  OK  [0m] Started Wait until snapd is fully seeded.
         Starting Apply the settings specified in cloud-config...
[[0;32m  OK  [0m] Created slice User Slice of vagrant.
         Starting User Manager for UID 1000...
[[0;32m  OK  [0m] Started Session 1 of user vagrant.
[  124.365591] cloud-init[1168]: Cloud-init v. 22.2-0ubuntu1~18.04.3 running 'modules:config' at Tue, 27 Sep 2022 18:38:32 +0000. Up 124.13 seconds.
[[0;32m  OK  [0m] Started User Manager for UID 1000.
[[0;32m  OK  [0m] Started Apply the settings specified in cloud-config.
[[0;32m  OK  [0m] Started vboxadd.service.
         Starting vboxadd-service.service...
[[0;32m  OK  [0m] Started vboxadd-service.service.
[[0;32m  OK  [0m] Reached target Multi-User System.
[[0;32m  OK  [0m] Reached target Graphical Interface.
         Starting Update UTMP about System Runlevel Changes...
         Starting Execute cloud user/final scripts...
[[0;32m  OK  [0m] Started Update UTMP about System Runlevel Changes.
[  125.443501] cloud-init[1360]: Cloud-init v. 22.2-0ubuntu1~18.04.3 running 'modules:final' at Tue, 27 Sep 2022 18:38:33 +0000. Up 125.29 seconds.
[  125.454368] cloud-init[1360]: Cloud-init v. 22.2-0ubuntu1~18.04.3 finished at Tue, 27 Sep 2022 18:38:34 +0000. Datasource DataSourceNoCloud [seed=/dev/sdb][dsmode=net].  Up 125.43 seconds
[[0;32m  OK  [0m] Started Execute cloud user/final scripts.
[[0;32m  OK  [0m] Reached target Cloud-init target.

Ubuntu 18.04.6 LTS ubuntu-bionic ttyS0

ubuntu-bionic login: 